
> website@0.1.0 build
> next build

▲ Next.js 16.1.6 (Turbopack)
- Environments: .env

  Creating an optimized production build ...

> Build error occurred
Error: Turbopack build failed with 2 errors:
./app/globals.css
Error evaluating Node.js code
Error: It looks like you're trying to use `tailwindcss` directly as a PostCSS plugin. The PostCSS plugin has moved to a separate package, so to continue using Tailwind CSS with PostCSS you'll need to install `@tailwindcss/postcss` and update your PostCSS configuration.
    [at at (/Users/abhishekjohn/Documents/Business/tuitionsinindia.com/Tuitions in india Website/node_modules/tailwindcss/dist/lib.js:38:1643)]
    at turbopack:///[turbopack-node]/transforms/postcss.ts:56:14 [/Users/abhishekjohn/Documents/Business/tuitionsinindia.com/Tuitions in india Website/.next/build/chunks/[root-of-the-server]__6d51cb5d._.js:165:20]
    [at <anonymous>]
    at Module.init (turbopack:///[turbopack-node]/transforms/postcss.ts:43:33) [/Users/abhishekjohn/Documents/Business/tuitionsinindia.com/Tuitions in india Website/.next/build/chunks/[root-of-the-server]__6d51cb5d._.js:155:35]
    at run (turbopack:///[turbopack-node]/ipc/evaluate.ts:77:20) [/Users/abhishekjohn/Documents/Business/tuitionsinindia.com/Tuitions in india Website/.next/build/chunks/[root-of-the-server]__44695d76._.js:429:26]

Import trace:
  Client Component Browser:
    ./app/globals.css [Client Component Browser]
    ./app/layout.js [Server Component]


./app/register/tutor/register-tutor.module.css
Error evaluating Node.js code
Error: It looks like you're trying to use `tailwindcss` directly as a PostCSS plugin. The PostCSS plugin has moved to a separate package, so to continue using Tailwind CSS with PostCSS you'll need to install `@tailwindcss/postcss` and update your PostCSS configuration.
    [at at (/Users/abhishekjohn/Documents/Business/tuitionsinindia.com/Tuitions in india Website/node_modules/tailwindcss/dist/lib.js:38:1643)]
    at turbopack:///[turbopack-node]/transforms/postcss.ts:56:14 [/Users/abhishekjohn/Documents/Business/tuitionsinindia.com/Tuitions in india Website/.next/build/chunks/[root-of-the-server]__6d51cb5d._.js:165:20]
    [at <anonymous>]
    at Module.init (turbopack:///[turbopack-node]/transforms/postcss.ts:43:33) [/Users/abhishekjohn/Documents/Business/tuitionsinindia.com/Tuitions in india Website/.next/build/chunks/[root-of-the-server]__6d51cb5d._.js:155:35]
    at run (turbopack:///[turbopack-node]/ipc/evaluate.ts:77:20) [/Users/abhishekjohn/Documents/Business/tuitionsinindia.com/Tuitions in india Website/.next/build/chunks/[root-of-the-server]__44695d76._.js:429:26]

Import traces:
  Client Component Browser:
    ./app/register/tutor/register-tutor.module.css [Client Component Browser]
    ./app/register/tutor/page.js [Client Component Browser]
    ./app/register/tutor/page.js [Server Component]

  Client Component SSR:
    ./app/register/tutor/register-tutor.module.css [Client Component SSR]
    ./app/register/tutor/page.js [Client Component SSR]
    ./app/register/tutor/page.js [Server Component]


    at Module.init (turbopack:///[turbopack-node]/transforms/postcss.ts:43:33) [/Users/abhishekjohn/Documents/Business/tuitionsinindia.com/Tuitions in india Website/.next/build/chunks/[root-of-the-server]__6d51cb5d._.js:155:35])
    at run (turbopack:///[turbopack-node]/ipc/evaluate.ts:77:20) [/Users/abhishekjohn/Documents/Business/tuitionsinindia.com/Tuitions in india Website/.next/build/chunks/[root-of-the-server]__44695d76._.js:429:26])
    at Module.init (turbopack:///[turbopack-node]/transforms/postcss.ts:43:33) [/Users/abhishekjohn/Documents/Business/tuitionsinindia.com/Tuitions in india Website/.next/build/chunks/[root-of-the-server]__6d51cb5d._.js:155:35])
    at run (turbopack:///[turbopack-node]/ipc/evaluate.ts:77:20) [/Users/abhishekjohn/Documents/Business/tuitionsinindia.com/Tuitions in india Website/.next/build/chunks/[root-of-the-server]__44695d76._.js:429:26])
